[2026-03-02 17:33:49] === เริ่มตรวจสอบใบอนุญาตหมดอายุ ===
[2026-03-02 17:33:49] คำร้อง #1 — หมดอายุ 2026-01-29 → เปลี่ยนเป็น expired
[2026-03-02 17:33:53]   → ส่ง Email แจ้ง test@example.com (หมดอายุ)
[2026-03-02 17:33:53] คำร้อง #3 — หมดอายุ 2026-02-14 → เปลี่ยนเป็น expired
[2026-03-02 17:33:53] คำร้อง #4 — หมดอายุ 2026-02-05 → เปลี่ยนเป็น expired
[2026-03-02 17:33:53] คำร้อง #6 — หมดอายุ 2026-01-29 → เปลี่ยนเป็น expired
[2026-03-02 17:33:53] คำร้อง #7 — หมดอายุ 2026-01-29 → เปลี่ยนเป็น expired
[2026-03-02 17:33:53] คำร้อง #8 — หมดอายุ 2026-02-09 → เปลี่ยนเป็น expired
[2026-03-02 17:33:53] คำร้อง #9 — หมดอายุ 2026-02-08 → เปลี่ยนเป็น expired
[2026-03-02 17:33:53] คำร้อง #10 — หมดอายุ 2026-02-05 → เปลี่ยนเป็น expired
[2026-03-02 17:33:53] คำร้อง #12 — หมดอายุ 2026-02-13 → เปลี่ยนเป็น expired
[2026-03-02 17:33:53] คำร้อง #14 — หมดอายุ 2026-02-14 → เปลี่ยนเป็น expired
[2026-03-02 17:33:53] คำร้อง #15 — หมดอายุ 2026-02-06 → เปลี่ยนเป็น expired
[2026-03-02 17:33:53] คำร้อง #16 — หมดอายุ 2026-02-09 → เปลี่ยนเป็น expired
[2026-03-02 17:33:53] คำร้อง #18 — หมดอายุ 2026-02-17 → เปลี่ยนเป็น expired
[2026-03-02 17:33:53] คำร้อง #28 — หมดอายุ 2026-03-01 → เปลี่ยนเป็น expired
[2026-03-02 17:33:57]   → ส่ง Email แจ้ง riwlove1230@gmail.com (หมดอายุ)
[2026-03-02 17:33:57] คำร้อง #30 — หมดอายุ 2026-02-25 → เปลี่ยนเป็น expired
[2026-03-02 17:34:01]   → ส่ง Email แจ้ง riwlove7890@gmail.com (หมดอายุ)
[2026-03-02 17:34:01] คำร้อง #31 — หมดอายุ 2026-02-27 → เปลี่ยนเป็น expired
[2026-03-02 17:34:05]   → ส่ง Email แจ้ง riwlove7890@gmail.com (หมดอายุ)
[2026-03-02 17:34:05] คำร้อง #32 — หมดอายุ 2026-02-26 → เปลี่ยนเป็น expired
[2026-03-02 17:34:09]   → ส่ง Email แจ้ง riwlove7890@gmail.com (หมดอายุ)
[2026-03-02 17:34:09] คำร้อง #33 — หมดอายุ 2026-02-26 → เปลี่ยนเป็น expired
[2026-03-02 17:34:12]   → ส่ง Email แจ้ง riwlove7890@gmail.com (หมดอายุ)
[2026-03-02 17:34:12] คำร้อง #34 — หมดอายุ 2026-02-28 → เปลี่ยนเป็น expired
[2026-03-02 17:34:17]   → ส่ง Email แจ้ง riwlove7890@gmail.com (หมดอายุ)
[2026-03-02 17:34:17] คำร้อง #37 — หมดอายุ 2026-02-21 → เปลี่ยนเป็น expired
[2026-03-02 17:34:21]   → ส่ง Email แจ้ง riwlove7890@gmail.com (หมดอายุ)
[2026-03-02 17:34:21] คำร้อง #38 — หมดอายุ 2026-03-01 → เปลี่ยนเป็น expired
[2026-03-02 17:34:26]   → ส่ง Email แจ้ง riwlove7890@gmail.com (หมดอายุ)
[2026-03-02 17:34:26] คำร้อง #39 — หมดอายุ 2026-02-27 → เปลี่ยนเป็น expired
[2026-03-02 17:34:29]   → ส่ง Email แจ้ง riwlove7890@gmail.com (หมดอายุ)
[2026-03-02 17:34:29] คำร้อง #40 — หมดอายุ 2026-03-01 → เปลี่ยนเป็น expired
[2026-03-02 17:34:33]   → ส่ง Email แจ้ง riwlove7890@gmail.com (หมดอายุ)
[2026-03-02 17:34:33] คำร้อง #41 — หมดอายุ 2026-02-27 → เปลี่ยนเป็น expired
[2026-03-02 17:34:37]   → ส่ง Email แจ้ง riwlove7890@gmail.com (หมดอายุ)
[2026-03-02 17:34:37] คำร้อง #42 — หมดอายุ 2026-02-28 → เปลี่ยนเป็น expired
[2026-03-02 17:34:42]   → ส่ง Email แจ้ง riwlove7890@gmail.com (หมดอายุ)
[2026-03-02 17:34:42] === เสร็จสิ้น: หมดอายุ 25 รายการ, เตือนล่วงหน้า 0 รายการ ===

[2026-03-05 10:42:51] === เริ่มตรวจสอบใบอนุญาตหมดอายุ ===
[2026-03-05 10:42:51] คำร้อง #32 — หมดอายุครบ 7 วัน (2026-02-26) → ส่งเตือนเก็บป้ายครั้งสุดท้าย
[2026-03-05 10:42:55]   → ส่ง Email ติดตาม riwlove7890@gmail.com (เกินกำหนดเก็บป้าย)
[2026-03-05 10:42:55] คำร้อง #33 — หมดอายุครบ 7 วัน (2026-02-26) → ส่งเตือนเก็บป้ายครั้งสุดท้าย
[2026-03-05 10:42:58]   → ส่ง Email ติดตาม riwlove7890@gmail.com (เกินกำหนดเก็บป้าย)
[2026-03-05 10:42:58] === เสร็จสิ้น: หมดอายุ 0, เตือนล่วงหน้า 0, ติดตาม 2 ===

[2026-03-05 10:51:25] === เริ่มตรวจสอบใบอนุญาตหมดอายุ ===
[2026-03-06 10:52:17] === เริ่มตรวจสอบใบอนุญาตหมดอายุ ===
[2026-03-07 18:24:30] === เริ่มตรวจสอบใบอนุญาตหมดอายุ ===
[2026-03-09 09:01:27] === เริ่มตรวจสอบใบอนุญาตหมดอายุ ===
[2026-03-10 10:06:59] === เริ่มตรวจสอบใบอนุญาตหมดอายุ ===
[2026-03-11 11:45:59] === เริ่มตรวจสอบใบอนุญาตหมดอายุ ===
[2026-03-13 09:12:26] === เริ่มตรวจสอบใบอนุญาตหมดอายุ ===
[2026-03-16 10:51:06] === เริ่มตรวจสอบใบอนุญาตหมดอายุ ===
[2026-03-17 09:22:35] === เริ่มตรวจสอบใบอนุญาตหมดอายุ ===
[2026-03-17 16:29:29] === เริ่มตรวจสอบใบอนุญาตหมดอายุ ===
[2026-03-17 16:31:33] === เริ่มตรวจสอบใบอนุญาตหมดอายุ ===
[2026-03-17 16:33:06] === เริ่มตรวจสอบใบอนุญาตหมดอายุ ===
[2026-03-17 16:33:06] === เสร็จสิ้น: หมดอายุ 0, เตือนล่วงหน้า 0, ติดตาม 0 ===

[2026-03-17 16:35:26] === เริ่มตรวจสอบใบอนุญาตหมดอายุ ===
[2026-03-17 16:35:26] === เสร็จสิ้น: หมดอายุ 0, เตือนล่วงหน้า 0, ติดตาม 0 ===

[2026-03-17 16:43:47] === เริ่มตรวจสอบใบอนุญาตหมดอายุ ===
[2026-03-17 16:43:47] === เสร็จสิ้น: หมดอายุ 0, เตือนล่วงหน้า 0, ติดตาม 0 ===

[2026-03-17 17:08:33] === เริ่มตรวจสอบใบอนุญาตหมดอายุ ===
[2026-03-17 17:08:33] === เสร็จสิ้น: หมดอายุ 0, เตือนล่วงหน้า 0, ติดตาม 0 ===

[2026-03-18 09:53:02] === เริ่มตรวจสอบใบอนุญาตหมดอายุ ===
[2026-03-18 09:53:02] คำร้อง #10 — จะหมดอายุใน 7 วัน (2026-03-25) → ส่งเตือน
[2026-03-18 09:53:06]   → ส่ง Email เตือน ryuuichii09@gmail.com (ใกล้หมดอายุ)
[2026-03-18 09:53:06] === เสร็จสิ้น: หมดอายุ 0, เตือนล่วงหน้า 1, ติดตาม 0 ===

[2026-03-18 10:02:13] === เริ่มตรวจสอบใบอนุญาตหมดอายุ ===
[2026-03-18 10:02:13] คำร้อง #10 — จะหมดอายุใน 7 วัน (2026-03-25) → ส่งเตือน
[2026-03-18 10:02:17]   → ส่ง Email เตือน ryuuichii09@gmail.com (ใกล้หมดอายุ)
[2026-03-18 10:02:17] === เสร็จสิ้น: หมดอายุ 0, เตือนล่วงหน้า 1, ติดตาม 0 ===

[2026-03-18 15:10:22] === เริ่มตรวจสอบใบอนุญาตหมดอายุ ===
[2026-03-18 15:10:22] คำร้อง #10 — จะหมดอายุใน 7 วัน (2026-03-25) → ส่งเตือน
[2026-03-18 15:10:27]   → ส่ง Email เตือน ryuuichii09@gmail.com (ใกล้หมดอายุ)
[2026-03-18 15:10:27] === เสร็จสิ้น: หมดอายุ 0, เตือนล่วงหน้า 1, ติดตาม 0 ===

[2026-03-18 16:23:40] === เริ่มตรวจสอบใบอนุญาตหมดอายุ ===
[2026-03-18 16:23:40] คำร้อง #10 — จะหมดอายุใน 7 วัน (2026-03-25) → ส่งเตือน
[2026-03-18 16:23:44]   → ส่ง Email เตือน ryuuichii09@gmail.com (ใกล้หมดอายุ)
[2026-03-18 16:23:44] === เสร็จสิ้น: หมดอายุ 0, เตือนล่วงหน้า 1, ติดตาม 0 ===

[2026-03-18 17:03:07] === เริ่มตรวจสอบใบอนุญาตหมดอายุ ===
[2026-03-18 17:03:07] === เสร็จสิ้น: หมดอายุ 0, เตือนล่วงหน้า 0, ติดตาม 0 ===

[2026-03-19 08:55:51] === เริ่มตรวจสอบใบอนุญาตหมดอายุ ===
[2026-03-19 08:55:51] === เสร็จสิ้น: หมดอายุ 0, เตือนล่วงหน้า 0, ติดตาม 0 ===

[2026-03-19 09:02:21] === เริ่มตรวจสอบใบอนุญาตหมดอายุ ===
[2026-03-19 09:02:22] === เสร็จสิ้น: หมดอายุ 0, เตือนล่วงหน้า 0, ติดตาม 0 ===

[2026-03-19 10:00:41] === เริ่มตรวจสอบใบอนุญาตหมดอายุ ===
[2026-03-19 10:00:41] === เสร็จสิ้น: หมดอายุ 0, เตือนล่วงหน้า 0, ติดตาม 0 ===

[2026-03-19 11:00:34] === เริ่มตรวจสอบใบอนุญาตหมดอายุ ===
[2026-03-19 11:00:34] === เสร็จสิ้น: หมดอายุ 0, เตือนล่วงหน้า 0, ติดตาม 0 ===

[2026-03-19 12:00:14] === เริ่มตรวจสอบใบอนุญาตหมดอายุ ===
[2026-03-19 12:00:14] === เสร็จสิ้น: หมดอายุ 0, เตือนล่วงหน้า 0, ติดตาม 0 ===

[2026-03-19 13:09:21] === เริ่มตรวจสอบใบอนุญาตหมดอายุ ===
[2026-03-19 13:09:21] === เสร็จสิ้น: หมดอายุ 0, เตือนล่วงหน้า 0, ติดตาม 0 ===

[2026-03-19 14:00:24] === เริ่มตรวจสอบใบอนุญาตหมดอายุ ===
[2026-03-19 14:00:24] === เสร็จสิ้น: หมดอายุ 0, เตือนล่วงหน้า 0, ติดตาม 0 ===

[2026-03-19 15:00:04] === เริ่มตรวจสอบใบอนุญาตหมดอายุ ===
[2026-03-19 15:00:04] === เสร็จสิ้น: หมดอายุ 0, เตือนล่วงหน้า 0, ติดตาม 0 ===

[2026-03-19 16:19:31] === เริ่มตรวจสอบใบอนุญาตหมดอายุ ===
[2026-03-19 16:19:31] === เสร็จสิ้น: หมดอายุ 0, เตือนล่วงหน้า 0, ติดตาม 0 ===

[2026-03-19 17:07:56] === เริ่มตรวจสอบใบอนุญาตหมดอายุ ===
[2026-03-19 17:07:56] === เสร็จสิ้น: หมดอายุ 0, เตือนล่วงหน้า 0, ติดตาม 0 ===

[2026-03-19 21:12:47] === เริ่มตรวจสอบใบอนุญาตหมดอายุ ===
[2026-03-19 21:12:47] === เสร็จสิ้น: หมดอายุ 0, เตือนล่วงหน้า 0, ติดตาม 0 ===

[2026-03-19 22:00:01] === เริ่มตรวจสอบใบอนุญาตหมดอายุ ===
[2026-03-19 22:00:01] === เสร็จสิ้น: หมดอายุ 0, เตือนล่วงหน้า 0, ติดตาม 0 ===

[2026-03-20 09:11:19] === เริ่มตรวจสอบใบอนุญาตหมดอายุ ===
[2026-03-20 09:11:19] คำร้อง #1 — จะหมดอายุใน 7 วัน (2026-03-27) → ส่งเตือน
[2026-03-20 10:22:41] === เริ่มตรวจสอบใบอนุญาตหมดอายุ ===
[2026-03-20 10:22:41] คำร้อง #1 — จะหมดอายุใน 7 วัน (2026-03-27) → ส่งเตือน
[2026-03-20 11:51:31] === เริ่มตรวจสอบใบอนุญาตหมดอายุ ===
[2026-03-20 11:51:32] คำร้อง #1 — จะหมดอายุใน 7 วัน (2026-03-27) → ส่งเตือน
[2026-03-20 13:14:04] === เริ่มตรวจสอบใบอนุญาตหมดอายุ ===
[2026-03-20 13:14:04] คำร้อง #1 — จะหมดอายุใน 7 วัน (2026-03-27) → ส่งเตือน
[2026-03-20 13:14:08]   → ส่ง Email เตือน ryuuichii09@gmail.com (ใกล้หมดอายุ)
[2026-03-20 13:14:08] === เสร็จสิ้น: หมดอายุ 0, เตือนล่วงหน้า 1, ติดตาม 0 ===

[2026-03-23 20:45:18] === เริ่มตรวจสอบใบอนุญาตหมดอายุ ===
[2026-03-23 20:45:18] === เสร็จสิ้น: หมดอายุ 0, เตือนล่วงหน้า 0, ติดตาม 0 ===

[2026-03-23 21:02:10] === เริ่มตรวจสอบใบอนุญาตหมดอายุ ===
[2026-03-23 21:02:10] === เสร็จสิ้น: หมดอายุ 0, เตือนล่วงหน้า 0, ติดตาม 0 ===

